// Jest Snapshot v1, https://goo.gl/fbAQLP

exports[`BasketItem should render Basket item 1`] = `
<View
  style={
    Object {
      "backgroundColor": "white",
      "borderRadius": 10,
      "elevation": 5,
      "height": 80,
      "margin": 20,
      "shadowColor": "black",
      "shadowOffset": Object {
        "height": 2,
        "width": 0,
      },
      "shadowOpacity": 0.26,
      "shadowRadius": 8,
      "width": "90%",
    }
  }
>
  <View
    style={
      Object {
        "borderRadius": 10,
        "overflow": "hidden",
      }
    }
  >
    <View
      accessible={true}
      focusable={false}
      onClick={[Function]}
      onResponderGrant={[Function]}
      onResponderMove={[Function]}
      onResponderRelease={[Function]}
      onResponderTerminate={[Function]}
      onResponderTerminationRequest={[Function]}
      onStartShouldSetResponder={[Function]}
      style={
        Object {
          "opacity": 1,
        }
      }
    >
      <View
        style={
          Object {
            "alignItems": "center",
            "flexDirection": "row",
            "height": "100%",
            "justifyContent": "space-around",
            "width": "100%",
          }
        }
      >
        <View
          style={
            Object {
              "borderTopLeftRadius": 10,
              "borderTopRightRadius": 10,
              "height": "100%",
              "overflow": "hidden",
              "width": "20%",
            }
          }
        >
          <Image
            source={
              Object {
                "uri": undefined,
              }
            }
            style={
              Object {
                "height": "100%",
                "width": "100%",
              }
            }
          />
        </View>
        <View
          style={
            Object {
              "alignItems": "center",
              "justifyContent": "space-around",
              "width": "40%",
            }
          }
        >
          <Text
            style={
              Object {
                "fontFamily": "open-sans-bold",
                "fontSize": 14,
                "textAlign": "center",
              }
            }
            testID="title"
          />
          <Text
            style={
              Object {
                "color": "#888",
                "fontFamily": "open-sans",
                "fontSize": 14,
              }
            }
            testID="price"
          >
            $
            2.00
          </Text>
        </View>
        <View
          style={
            Object {
              "alignItems": "center",
              "flexDirection": "row",
              "justifyContent": "space-around",
              "width": "40%",
            }
          }
        >
          <View
            accessible={true}
            focusable={true}
            onBlur={[Function]}
            onClick={[Function]}
            onFocus={[Function]}
            onResponderGrant={[Function]}
            onResponderMove={[Function]}
            onResponderRelease={[Function]}
            onResponderTerminate={[Function]}
            onResponderTerminationRequest={[Function]}
            onStartShouldSetResponder={[Function]}
            style={
              Object {
                "alignItems": "center",
                "backgroundColor": "#C2185b",
                "borderRadius": 4,
                "elevation": 3,
                "height": 40,
                "justifyContent": "center",
                "paddingHorizontal": 2,
                "paddingVertical": 8,
                "width": 60,
              }
            }
          >
            <Text
              style={
                Object {
                  "color": "white",
                  "fontSize": 10,
                  "fontWeight": "bold",
                  "textAlign": "center",
                }
              }
            >
              View Details
            </Text>
          </View>
          <View
            accessible={true}
            focusable={true}
            onBlur={[Function]}
            onClick={[Function]}
            onFocus={[Function]}
            onResponderGrant={[Function]}
            onResponderMove={[Function]}
            onResponderRelease={[Function]}
            onResponderTerminate={[Function]}
            onResponderTerminationRequest={[Function]}
            onStartShouldSetResponder={[Function]}
            style={
              Object {
                "alignItems": "center",
                "backgroundColor": "#C2185b",
                "borderRadius": 4,
                "elevation": 3,
                "height": 40,
                "justifyContent": "center",
                "paddingHorizontal": 2,
                "paddingVertical": 8,
                "width": 60,
              }
            }
          >
            <Text
              style={
                Object {
                  "color": "white",
                  "fontSize": 10,
                  "fontWeight": "bold",
                  "textAlign": "center",
                }
              }
            >
              Remove from Cart
            </Text>
          </View>
        </View>
      </View>
    </View>
  </View>
</View>
`;
